pop_size,10000
num_markers,33254
Vg,54.6318
Ve,131.289
h2,0.293844
LRT,0
pval,1
